This is pdfTeX, Version 3.14159265-2.6-1.40.21 (SwiftLaTeX PDFTeX 0.3.0) (preloaded format=swiftlatexpdftex)
entering extended mode
(welcome.tex
LaTeX2e <2020-02-02> patch level 2
L3 programming layer <2020-02-14> (/tex/article.cls
Document Class: article 2020/04/10 v1.4m Standard LaTeX document class
(/tex/size10.clo)) (/tex/graphicx.sty (/tex/keyval.sty) (/tex/graphics.sty
(/tex/trig.sty) (/tex/graphics.cfg) (/tex/pdftex.def)))
(/tex/l3backend-pdfmode.def)
No file welcome.aux.
(/tex/supp-pdf.mkii
[Loading MPS to PDF converter (version 2006.09.02).]
)

LaTeX Warning: File `nope.jpg' not found on input line 4.


! Package pdftex.def Error: File `nope.jpg' not found: using draft setting.

See the pdftex.def package documentation for explanation.
Type  H <return>  for immediate help.
 ...                                              
                                                  
l.4 \includegraphics{nope.jpg}
                              
!  ==> Fatal error occurred, no output PDF file produced!
Transcript written on welcome.log.
